src/modules/admin/pages/AdminEventDashboard.tsx(82,14): error TS2304: Cannot find name 'DashboardSalesWidget'.
src/modules/visitor/pages/Home.tsx(164,38): error TS2339: Property 'name' does not exist on type 'string | { name: string; }'.
  Property 'name' does not exist on type 'string'.
src/modules/visitor/pages/VisitorProfile.tsx(143,41): error TS2322: Type '{}' is not assignable to type 'ReactI18NextChildren | Iterable<ReactI18NextChildren>'.
